#-----------------------------------------------------------
# Vivado v2024.2 (64-bit)
# SW Build 5239630 on Fri Nov 08 22:35:27 MST 2024
# IP Build 5239520 on Sun Nov 10 16:12:51 MST 2024
# SharedData Build 5239561 on Fri Nov 08 14:39:27 MST 2024
# Start of session at: Wed May 14 12:57:05 2025
# Process ID         : 38820
# Current directory  : C:/Workspace/hdmi_ddr3_fragment_shader_proj/hdmi_ddr3_fragment_shader_proj.runs/ddr3_clock_synth_1
# Command line       : vivado.exe -log ddr3_clock.vds -product Vivado -mode batch -messageDb vivado.pb -notrace -source ddr3_clock.tcl
# Log file           : C:/Workspace/hdmi_ddr3_fragment_shader_proj/hdmi_ddr3_fragment_shader_proj.runs/ddr3_clock_synth_1/ddr3_clock.vds
# Journal file       : C:/Workspace/hdmi_ddr3_fragment_shader_proj/hdmi_ddr3_fragment_shader_proj.runs/ddr3_clock_synth_1\vivado.jou
# Running On         : Gralerfics
# Platform           : Windows Server 2016 or Windows 10
# Operating System   : 26100
# Processor Detail   : Intel(R) Core(TM) i7-14650HX
# CPU Frequency      : 2419 MHz
# CPU Physical cores : 16
# CPU Logical cores  : 24
# Host memory        : 16873 MB
# Swap memory        : 49392 MB
# Total Virtual      : 66265 MB
# Available Virtual  : 29170 MB
#-----------------------------------------------------------
source ddr3_clock.tcl -notrace
